../Core/Src/main.c:84:9:randomize_apple	8	static
../Core/Src/main.c:106:5:main	8	static
../Core/Src/main.c:162:6:SystemClock_Config	104	static
../Core/Src/main.c:207:13:MX_TIM2_Init	32	static
../Core/Src/main.c:252:13:MX_USART1_UART_Init	8	static
../Core/Src/main.c:285:13:MX_DMA_Init	16	static
../Core/Src/main.c:303:13:MX_GPIO_Init	48	static
../Core/Src/main.c:329:6:HAL_UART_RxCpltCallback	32	static
../Core/Src/main.c:356:6:HAL_TIM_PeriodElapsedCallback	40	static
../Core/Src/main.c:381:6:Error_Handler	8	static,ignoring_inline_asm
