../Core/Src/main.c:93:9:randomize_apple	8	static
../Core/Src/main.c:115:5:main	8	static
../Core/Src/main.c:171:6:SystemClock_Config	104	static
../Core/Src/main.c:216:13:MX_TIM2_Init	32	static
../Core/Src/main.c:261:13:MX_USART1_UART_Init	8	static
../Core/Src/main.c:294:13:MX_DMA_Init	16	static
../Core/Src/main.c:312:13:MX_GPIO_Init	48	static
../Core/Src/main.c:337:6:game_over	32	static
../Core/Src/main.c:344:6:HAL_UART_RxCpltCallback	32	static
../Core/Src/main.c:374:6:HAL_TIM_PeriodElapsedCallback	40	static
../Core/Src/main.c:400:7:Error_Handler	8	static,ignoring_inline_asm
