../Core/Src/main.c:48:6:HAL_UART_RxCpltCallback	16	static
../Core/Src/main.c:67:6:send_coordinates	256	static
../Core/Src/main.c:79:6:send_preload_arrays	72	dynamic
../Core/Src/main.c:89:6:spawn_apple	8	static
../Core/Src/main.c:94:6:move_snake	16	static
../Core/Src/main.c:120:5:main	8	static
../Core/Src/main.c:185:6:SystemClock_Config	104	static
../Core/Src/main.c:230:13:MX_USART1_UART_Init	8	static
../Core/Src/main.c:260:13:MX_DMA_Init	16	static
../Core/Src/main.c:278:13:MX_GPIO_Init	48	static
../Core/Src/main.c:310:6:Error_Handler	8	static
